Following 1 plugins could not be created: plugins/fullLine/lib/modules/intellij.fullLine.yaml.jar
> Task :checkKotlinGradlePluginConfigurationErrors SKIPPED
> Task :initializeIntellijPlatformPlugin
> Task :patchPluginXml
> Task :processResources
> Task :generateManifest UP-TO-DATE
> Task :processTestResources

> Task :compileKotlin FAILED
e: file:///home/rute/projgit/opencode-jb/src/main/kotlin/com/opencode/vfs/OpenCodeFileSystem.kt:13:49 This type does not have a constructor.
e: file:///home/rute/projgit/opencode-jb/src/main/kotlin/com/opencode/vfs/OpenCodeFileSystem.kt:39:5 'getProtocol' overrides nothing.
e: file:///home/rute/projgit/opencode-jb/src/main/kotlin/com/opencode/vfs/OpenCodeFileSystem.kt:41:5 'findFileByPath' overrides nothing.
e: file:///home/rute/projgit/opencode-jb/src/main/kotlin/com/opencode/vfs/OpenCodeFileSystem.kt:46:5 'refresh' overrides nothing.
e: file:///home/rute/projgit/opencode-jb/src/main/kotlin/com/opencode/vfs/OpenCodeFileSystem.kt:50:5 'refreshAndFindFileByPath' overrides nothing.
e: file:///home/rute/projgit/opencode-jb/src/main/kotlin/com/opencode/vfs/OpenCodeVirtualFile.kt:28:55 Return type mismatch: expected 'VirtualFileSystem', actual 'OpenCodeFileSystem'.

FAILURE: Build failed with an exception.

* What went wrong:
Execution failed for task ':compileKotlin'.
> A failure occurred while executing org.jetbrains.kotlin.compilerRunner.GradleCompilerRunnerWithWorkers$GradleKotlinCompilerWorkAction
   > Compilation error. See log for more details

* Try:
> Run with --stacktrace option to get the stack trace.
> Run with --info or --debug option to get more log output.
> Run with --scan to generate a Build Scan (powered by Develocity).
> Get more help at https://help.gradle.org.

BUILD FAILED in 4s
6 actionable tasks: 5 executed, 1 up-to-date
