Starting a Gradle Daemon, 1 busy and 1 incompatible and 1 stopped Daemons could not be reused, use --status for details
Following 1 plugins could not be created: plugins/fullLine/lib/modules/intellij.fullLine.yaml.jar
> Task :checkKotlinGradlePluginConfigurationErrors SKIPPED
> Task :compileKotlin UP-TO-DATE
> Task :compileJava NO-SOURCE
> Task :initializeIntellijPlatformPlugin
> Task :patchPluginXml UP-TO-DATE
> Task :processResources UP-TO-DATE
> Task :classes UP-TO-DATE
> Task :generateManifest UP-TO-DATE
> Task :instrumentCode UP-TO-DATE
> Task :jar UP-TO-DATE
> Task :processTestResources
> Task :koverFindJar FROM-CACHE
> Task :instrumentedJar FROM-CACHE
> Task :composedJar FROM-CACHE
> Task :prepareTestSandbox
> Task :prepareTest

> Task :compileTestKotlin FAILED
e: file:///home/rute/projgit/opencode-jb/src/test/kotlin/com/opencode/service/OpenCodeServiceServerTest.kt:300:24 Unresolved reference 'project'.
e: file:///home/rute/projgit/opencode-jb/src/test/kotlin/com/opencode/service/OpenCodeServiceServerTest.kt:307:9 None of the following candidates is applicable:

constructor(p0: String!, p1: Int): File:
  No value passed for parameter 'p1'.
  Argument type mismatch: actual type is 'Any', but 'String!' was expected.

constructor(p0: String!, p1: File!): File:
  No value passed for parameter 'p1'.
  Argument type mismatch: actual type is 'Any', but 'String!' was expected.

FAILURE: Build failed with an exception.

* What went wrong:
Execution failed for task ':compileTestKotlin'.
> A failure occurred while executing org.jetbrains.kotlin.compilerRunner.GradleCompilerRunnerWithWorkers$GradleKotlinCompilerWorkAction
   > Compilation error. See log for more details

* Try:
> Run with --stacktrace option to get the stack trace.
> Run with --info or --debug option to get more log output.
> Run with --scan to generate a Build Scan (powered by Develocity).
> Get more help at https://help.gradle.org.

BUILD FAILED in 15s
13 actionable tasks: 4 executed, 3 from cache, 6 up-to-date
